
> nextn@0.1.0 dev
> next dev -p 9002

   ▲ Next.js 15.0.7
   - Local:        http://localhost:9002
   - Environments: .env.local

 ✓ Starting...
 ✓ Ready in 1595ms
 ○ Compiling /onboarding/user ...
 ✓ Compiled /onboarding/user in 1837ms (979 modules)
 GET /onboarding/user 200 in 2555ms
 ✓ Compiled in 367ms (383 modules)
 ○ Compiling /api/bridge/connect ...
 ✓ Compiled /api/bridge/connect in 514ms (983 modules)
Utilisateur inconnu sur Bridge, création en cours...
Bridge User Creation Error Details: {
  "errors": [
    {
      "code": "users.creation.invalid_external_user_id",
      "message": "Invalid user external ID"
    }
  ]
}
 POST /api/bridge/connect 400 in 847ms
 ○ Compiling /dashboard/user/profile ...
 ✓ Compiled /dashboard/user/profile in 1538ms (1143 modules)
 ⨯ src/app/dashboard/user/profile/page.tsx (130:3) @ UserProfilePage
 ⨯ ReferenceError: isLoading is not defined
    at UserProfilePage (./src/app/dashboard/user/profile/page.tsx:166:5)
digest: "3220774379"
  128 |   };
  129 |
> 130 |   if (isLoading) {
      |   ^
  131 |     return (
  132 |       <div className="flex flex-col gap-8">
  133 |         <Skeleton className="h-12 w-1/3" />
 GET /dashboard/user/profile 500 in 2017ms
 ○ Compiling /signup ...
 ✓ Compiled /signup in 506ms (1152 modules)
 GET /signup 200 in 803ms
 ✓ Compiled /auth/loading in 466ms (1159 modules)
 GET /auth/loading 200 in 534ms
 ✓ Compiled /onboarding in 184ms (1171 modules)
 GET /onboarding 200 in 246ms
 GET /onboarding 200 in 10ms
 GET /onboarding/user 200 in 75ms
 ○ Compiling /api/bridge/connect ...
 ✓ Compiled /api/bridge/connect in 519ms (727 modules)
Utilisateur inconnu sur Bridge, création en cours...
Bridge User Creation Error Details: {
  "errors": [
    {
      "code": "users.creation.invalid_external_user_id",
      "message": "Invalid user external ID"
    }
  ]
}
 POST /api/bridge/connect 400 in 899ms
Utilisateur inconnu sur Bridge, création en cours...
Bridge User Creation Error Details: {
  "errors": [
    {
      "code": "users.creation.invalid_external_user_id",
      "message": "Invalid user external ID"
    }
  ]
}
 POST /api/bridge/connect 400 in 348ms
 ✓ Compiled in 1884ms (1180 modules)
 GET /onboarding/user 200 in 650ms
 ✓ Compiled in 364ms (475 modules)
 GET /onboarding/user 200 in 28ms
 ✓ Compiled in 875ms (1180 modules)
 GET /onboarding/user 200 in 84ms
 ✓ Compiled in 539ms (1180 modules)
 GET /onboarding/user 200 in 67ms
 GET /onboarding/user 200 in 1321ms
 ○ Compiling /api/bridge/connect ...
 ✓ Compiled /api/bridge/connect in 1027ms (722 modules)
Tentative de connexion Bridge pour: MYa8s28YZyVyJZy6WP0fHEje3ax1
 GET /onboarding/user 200 in 263ms
 GET /onboarding/user 200 in 53ms
Utilisateur inconnu sur Bridge, création en cours...
 POST /api/bridge/connect 200 in 1761ms
 ○ Compiling / ...
 ✓ Compiled / in 878ms (1194 modules)
 GET / 200 in 1247ms
 ○ Compiling /login ...
 ✓ Compiled /login in 701ms (1201 modules)
 GET /login 200 in 782ms
 ✓ Compiled /auth/loading in 336ms (651 modules)
 GET /auth/loading 200 in 399ms
 ○ Compiling /dashboard/user ...
 ✓ Compiled /dashboard/user in 1890ms (3905 modules)
 GET /dashboard/user 200 in 2035ms
 GET /dashboard/user 200 in 10ms
 ✓ Compiled /dashboard/user/profile in 495ms (2093 modules)
 GET /dashboard/user/profile 200 in 606ms
Tentative de connexion Bridge pour: MYa8s28YZyVyJZy6WP0fHEje3ax1
 POST /api/bridge/connect 200 in 331ms
 ✓ Compiled in 5.1s (2525 modules)
 GET / 200 in 2647ms
 ✓ Compiled /signup in 377ms (710 modules)
 GET /signup 200 in 574ms
 GET /auth/loading 200 in 114ms
 ✓ Compiled /dashboard/user in 300ms (2069 modules)
 GET /dashboard/user 200 in 400ms
 GET /dashboard/user 200 in 12ms
 GET /dashboard/user/profile 200 in 87ms
 GET /dashboard/user/profile 200 in 37ms
 ○ Compiling /api/bridge/connect ...
 ✓ Compiled /api/bridge/connect in 670ms (2086 modules)
Tentative de connexion Bridge pour: MYa8s28YZyVyJZy6WP0fHEje3ax1
 POST /api/bridge/connect 200 in 1277ms
 ✓ Compiled in 2s (1834 modules)
 ✓ Compiled in 2.9s (3920 modules)
 ✓ Compiled in 779ms (3920 modules)
 ✓ Compiled in 601ms (3920 modules)
 ✓ Compiled in 471ms (3920 modules)
 ✓ Compiled in 607ms (3920 modules)
 ○ Compiling /dashboard/user/history ...
 ✓ Compiled /dashboard/user/history in 1509ms (3101 modules)
 GET /dashboard/user/history 200 in 2053ms
 ✓ Compiled /api/bridge/transactions in 422ms (3118 modules)
 POST /api/bridge/transactions 401 in 741ms
 GET /dashboard/user/profile 200 in 104ms
 ✓ Compiled /api/bridge/connect in 223ms (1288 modules)
Tentative de connexion Bridge pour: MYa8s28YZyVyJZy6WP0fHEje3ax1
 POST /api/bridge/connect 200 in 507ms
 ✓ Compiled in 1317ms (3129 modules)
 ✓ Compiled in 1852ms (3129 modules)
 ✓ Compiled in 1877ms (1841 modules)
 ✓ Compiled / in 460ms (1276 modules)
 GET / 200 in 1178ms
 GET /signup 200 in 21ms
 ○ Compiling /login ...
 ✓ Compiled /login in 547ms (1281 modules)
 GET /login 200 in 630ms
 GET /auth/loading 200 in 49ms
 ○ Compiling /dashboard/user ...
 ✓ Compiled /dashboard/user in 1418ms (2064 modules)
 GET /dashboard/user 200 in 1612ms
 GET /dashboard/user 200 in 18ms
 ✓ Compiled in 485ms (1841 modules)
 ✓ Compiled in 281ms (1841 modules)
 ✓ Compiled in 416ms (1841 modules)
 ✓ Compiled in 303ms (1841 modules)
 GET / 200 in 509ms
 GET /signup 200 in 18ms
 GET /auth/loading 200 in 27ms
 ○ Compiling /onboarding ...
 ✓ Compiled /onboarding in 854ms (2085 modules)
 GET /onboarding 200 in 1186ms
 GET /onboarding 200 in 9ms
 ✓ Compiled /onboarding/user in 338ms (2091 modules)
 GET /onboarding/user 200 in 421ms
 GET / 200 in 304ms
 GET /signup 200 in 35ms
 GET /login 200 in 59ms
 GET /auth/loading 200 in 82ms
 GET /dashboard/user 200 in 40ms
 GET /dashboard/user 200 in 17ms
 ✓ Compiled in 2.5s (1841 modules)
 ✓ Compiled in 4.4s (2469 modules)
 ✓ Compiled in 1075ms (1841 modules)
 ✓ Compiled in 469ms (1841 modules)
 ✓ Compiled in 411ms (1841 modules)
 ✓ Compiled in 4.3s (1841 modules)
 ✓ Compiled in 583ms (1841 modules)
 ✓ Compiled in 1011ms (2455 modules)
 ✓ Compiled in 502ms (1841 modules)
 ✓ Compiled in 374ms (1841 modules)
 ✓ Compiled in 4.2s (1841 modules)
 ✓ Compiled in 806ms (1841 modules)
 ✓ Compiled in 569ms (1841 modules)
 ✓ Compiled in 3.2s (1841 modules)
 ✓ Compiled in 832ms (1841 modules)
 ✓ Compiled in 1121ms (1841 modules)
 ✓ Compiled in 4.6s (1841 modules)
 ✓ Compiled in 987ms (1841 modules)
 ✓ Compiled in 371ms (1841 modules)
 ✓ Compiled in 613ms (1841 modules)
 ✓ Compiled in 401ms (1841 modules)
 ✓ Compiled in 315ms (1841 modules)
 ✓ Compiled in 2.2s (2455 modules)
 ✓ Compiled in 340ms (1841 modules)
 ✓ Compiled in 584ms (1841 modules)
 ⨯ ./src/app/dashboard/user/profile/page.tsx
Error:   [31mx[0m Unexpected token `StripeWrapper`. Expected jsx identifier
     ,-[[36;1;4m/Users/luisdementhon/Desktop/project/src/app/dashboard/user/profile/page.tsx[0m:146:1]
 [2m143[0m |   }
 [2m144[0m | 
 [2m145[0m |   return (
 [2m146[0m |     <StripeWrapper>
     : [35;1m     ^^^^^^^^^^^^^[0m
 [2m147[0m |       <div className="flex flex-col gap-12 max-w-5xl">
 [2m148[0m |       <div className="space-y-4">
 [2m149[0m |         <h1 className="text-6xl md:text-8xl font-headline font-extrabold tracking-tight text-foreground leading-[0.9]">
     `----

Caused by:
    Syntax Error

Import trace for requested module:
./src/app/dashboard/user/profile/page.tsx
 ✓ Compiled in 2.7s (1845 modules)
 ✓ Compiled in 10s (2496 modules)
 ✓ Compiled in 646ms (1847 modules)
 ✓ Compiled in 371ms (1847 modules)
 ✓ Compiled in 795ms (2496 modules)
 ✓ Compiled in 585ms (2496 modules)
 ✓ Compiled in 618ms (1847 modules)
 ✓ Compiled in 1091ms (1847 modules)
 ✓ Compiled in 1226ms (2496 modules)
 ✓ Compiled in 615ms (2496 modules)
 ✓ Compiled in 4.1s (2500 modules)
 ✓ Compiled in 983ms (1849 modules)
 ⨯ ./src/components/dashboard-sidebar.tsx
Module parse failed: Identifier 'DotlyBrand' has already been declared (13:9)
| import { doc } from 'firebase/firestore';
| import { useMemo } from 'react';
> import { DotlyBrand } from '@/components/ui/dotly-brand';
| export function DashboardSidebar() {
|     _s();

Import trace for requested module:
./src/components/dashboard-sidebar.tsx
./src/app/dashboard/layout.tsx
 ✓ Compiled in 892ms (1849 modules)
 ✓ Compiled in 388ms (1849 modules)
 ✓ Compiled in 299ms (1849 modules)
 ✓ Compiled in 921ms (2500 modules)
 ✓ Compiled in 710ms (2500 modules)
 ✓ Compiled in 1686ms (1849 modules)
 ✓ Compiled in 284ms (1849 modules)
 ✓ Compiled in 318ms (1849 modules)
 ✓ Compiled in 1381ms (1849 modules)
 ✓ Compiled in 3.9s (2500 modules)
 ✓ Compiled in 1828ms (2497 modules)
 ✓ Compiled in 1121ms (2497 modules)
 ✓ Compiled in 654ms (1848 modules)
 ✓ Compiled in 976ms (1848 modules)
 ✓ Compiled in 518ms (1848 modules)
 ✓ Compiled in 1469ms (2497 modules)
 ⨯ ./src/components/profile/payment-method.tsx
Error:   [31mx[0m Expected a semicolon
     ,-[[36;1;4m/Users/luisdementhon/Desktop/project/src/components/profile/payment-method.tsx[0m:100:1]
 [2m 97[0m |           description: "Votre moyen de paiement a été configuré avec succès.",
 [2m 98[0m |         });
 [2m 99[0m |       }
 [2m100[0m |     } catch (err: any) {
     : [35;1m    ^[0m
 [2m101[0m |       toast({
 [2m102[0m |         title: "Erreur",
 [2m103[0m |         description: err.message || "Impossible d'enregistrer la carte.",
     `----
  [31mx[0m Expected a semicolon
     ,-[[36;1;4m/Users/luisdementhon/Desktop/project/src/components/profile/payment-method.tsx[0m:100:1]
 [2m 97[0m |           description: "Votre moyen de paiement a été configuré avec succès.",
 [2m 98[0m |         });
 [2m 99[0m |       }
 [2m100[0m |     } catch (err: any) {
     : [35;1m      ^^^^^[0m
 [2m101[0m |       toast({
 [2m102[0m |         title: "Erreur",
 [2m103[0m |         description: err.message || "Impossible d'enregistrer la carte.",
     `----
  [31mx[0m Expected a semicolon
     ,-[[36;1;4m/Users/luisdementhon/Desktop/project/src/components/profile/payment-method.tsx[0m:106:1]
 [2m103[0m |         description: err.message || "Impossible d'enregistrer la carte.",
 [2m104[0m |         variant: "destructive",
 [2m105[0m |       });
 [2m106[0m |     } finally {
     : [35;1m      ^^^^^^^[0m
 [2m107[0m |       setIsProcessing(false);
 [2m108[0m |     }
 [2m109[0m |   };
     `----
  [31mx[0m Expression expected
     ,-[[36;1;4m/Users/luisdementhon/Desktop/project/src/components/profile/payment-method.tsx[0m:109:1]
 [2m106[0m |     } finally {
 [2m107[0m |       setIsProcessing(false);
 [2m108[0m |     }
 [2m109[0m |   };
     : [35;1m  ^[0m
 [2m110[0m | 
 [2m111[0m |   if (isSaved) {
 [2m112[0m |     return (
     `----

Caused by:
    Syntax Error

Import trace for requested module:
./src/components/profile/payment-method.tsx
./src/app/onboarding/user/page.tsx
 ⨯ ./src/components/profile/payment-method.tsx
Error:   [31mx[0m Expected a semicolon
     ,-[[36;1;4m/Users/luisdementhon/Desktop/project/src/components/profile/payment-method.tsx[0m:98:1]
 [2m 95[0m |         });
 [2m 96[0m |       }
 [2m 97[0m |       }
 [2m 98[0m |     } catch (err: any) {
     : [35;1m    ^[0m
 [2m 99[0m |       toast({
 [2m100[0m |         title: "Erreur",
 [2m101[0m |         description: err.message || "Impossible d'enregistrer la carte.",
     `----
  [31mx[0m Expected a semicolon
     ,-[[36;1;4m/Users/luisdementhon/Desktop/project/src/components/profile/payment-method.tsx[0m:98:1]
 [2m 95[0m |         });
 [2m 96[0m |       }
 [2m 97[0m |       }
 [2m 98[0m |     } catch (err: any) {
     : [35;1m      ^^^^^[0m
 [2m 99[0m |       toast({
 [2m100[0m |         title: "Erreur",
 [2m101[0m |         description: err.message || "Impossible d'enregistrer la carte.",
     `----
  [31mx[0m Expected a semicolon
     ,-[[36;1;4m/Users/luisdementhon/Desktop/project/src/components/profile/payment-method.tsx[0m:104:1]
 [2m101[0m |         description: err.message || "Impossible d'enregistrer la carte.",
 [2m102[0m |         variant: "destructive",
 [2m103[0m |       });
 [2m104[0m |     } finally {
     : [35;1m      ^^^^^^^[0m
 [2m105[0m |       setIsProcessing(false);
 [2m106[0m |     }
 [2m107[0m |   };
     `----
  [31mx[0m Expression expected
     ,-[[36;1;4m/Users/luisdementhon/Desktop/project/src/components/profile/payment-method.tsx[0m:107:1]
 [2m104[0m |     } finally {
 [2m105[0m |       setIsProcessing(false);
 [2m106[0m |     }
 [2m107[0m |   };
     : [35;1m  ^[0m
 [2m108[0m | 
 [2m109[0m |   if (isSaved) {
 [2m110[0m |     return (
     `----

Caused by:
    Syntax Error

Import trace for requested module:
./src/components/profile/payment-method.tsx
./src/app/onboarding/user/page.tsx
 ✓ Compiled in 557ms (2497 modules)
 ✓ Compiled in 435ms (1848 modules)
<w> [webpack.cache.PackFileCacheStrategy] Restoring pack failed from /Users/luisdementhon/Desktop/project/.next/cache/webpack/client-development.pack.gz: Error: incorrect data check
 ✓ Compiled in 30.1s (2497 modules)
 ✓ Compiled in 1017ms (1847 modules)
 ✓ Compiled in 393ms (1849 modules)
 ✓ Compiled in 925ms (1849 modules)
 ⨯ ./src/app/dashboard/user/page.tsx
Error:   [31mx[0m Unexpected token `div`. Expected jsx identifier
     ,-[[36;1;4m/Users/luisdementhon/Desktop/project/src/app/dashboard/user/page.tsx[0m:251:1]
 [2m248[0m |   const isLoading = !isDemoMode && (isUserLoading || isProfileLoading || isDonationsLoading);
 [2m249[0m | 
 [2m250[0m |   return (
 [2m251[0m |     <div className="flex flex-col gap-10 pb-16">
     : [35;1m     ^^^[0m
 [2m252[0m |       {/* Header Section */}
 [2m253[0m |       <div className="flex flex-col md:flex-row md:items-end justify-between gap-6">
 [2m254[0m |         <div className="space-y-4">
     `----

Caused by:
    Syntax Error

Import trace for requested module:
./src/app/dashboard/user/page.tsx
 ⨯ ./src/app/dashboard/user/page.tsx
Error:   [31mx[0m Unexpected token `div`. Expected jsx identifier
     ,-[[36;1;4m/Users/luisdementhon/Desktop/project/src/app/dashboard/user/page.tsx[0m:251:1]
 [2m248[0m |   const isLoading = !isDemoMode && (isUserLoading || isProfileLoading || isDonationsLoading);
 [2m249[0m | 
 [2m250[0m |   return (
 [2m251[0m |     <div className="flex flex-col gap-10 pb-16">
     : [35;1m     ^^^[0m
 [2m252[0m |       {/* Header Section */}
 [2m253[0m |       <div className="flex flex-col md:flex-row md:items-end justify-between gap-6">
 [2m254[0m |         <div className="space-y-4">
     `----

Caused by:
    Syntax Error

Import trace for requested module:
./src/app/dashboard/user/page.tsx
 ⨯ ./src/app/dashboard/user/page.tsx
Error:   [31mx[0m Unexpected token `div`. Expected jsx identifier
     ,-[[36;1;4m/Users/luisdementhon/Desktop/project/src/app/dashboard/user/page.tsx[0m:251:1]
 [2m248[0m |   const isLoading = !isDemoMode && (isUserLoading || isProfileLoading || isDonationsLoading);
 [2m249[0m | 
 [2m250[0m |   return (
 [2m251[0m |     <div className="flex flex-col gap-10 pb-16">
     : [35;1m     ^^^[0m
 [2m252[0m |       {/* Header Section */}
 [2m253[0m |       <div className="flex flex-col md:flex-row md:items-end justify-between gap-6">
 [2m254[0m |         <div className="space-y-4">
     `----

Caused by:
    Syntax Error

Import trace for requested module:
./src/app/dashboard/user/page.tsx
 ⨯ ./src/app/dashboard/user/page.tsx
Error:   [31mx[0m Unexpected token `div`. Expected jsx identifier
     ,-[[36;1;4m/Users/luisdementhon/Desktop/project/src/app/dashboard/user/page.tsx[0m:251:1]
 [2m248[0m |   const isLoading = !isDemoMode && (isUserLoading || isProfileLoading || isDonationsLoading);
 [2m249[0m | 
 [2m250[0m |   return (
 [2m251[0m |     <div className="flex flex-col gap-10 pb-16">
     : [35;1m     ^^^[0m
 [2m252[0m |       {/* Header Section */}
 [2m253[0m |       <div className="flex flex-col md:flex-row md:items-end justify-between gap-6">
 [2m254[0m |         <div className="space-y-4">
     `----

Caused by:
    Syntax Error

Import trace for requested module:
./src/app/dashboard/user/page.tsx
 ⨯ ./src/app/dashboard/user/page.tsx
Error:   [31mx[0m Unexpected token `div`. Expected jsx identifier
     ,-[[36;1;4m/Users/luisdementhon/Desktop/project/src/app/dashboard/user/page.tsx[0m:251:1]
 [2m248[0m |   const isLoading = !isDemoMode && (isUserLoading || isProfileLoading || isDonationsLoading);
 [2m249[0m | 
 [2m250[0m |   return (
 [2m251[0m |     <div className="flex flex-col gap-10 pb-16">
     : [35;1m     ^^^[0m
 [2m252[0m |       {/* Header Section */}
 [2m253[0m |       <div className="flex flex-col md:flex-row md:items-end justify-between gap-6">
 [2m254[0m |         <div className="space-y-4">
     `----

Caused by:
    Syntax Error

Import trace for requested module:
./src/app/dashboard/user/page.tsx
 ⨯ ./src/app/dashboard/user/page.tsx
Error:   [31mx[0m Unexpected token `div`. Expected jsx identifier
     ,-[[36;1;4m/Users/luisdementhon/Desktop/project/src/app/dashboard/user/page.tsx[0m:251:1]
 [2m248[0m |   const isLoading = !isDemoMode && (isUserLoading || isProfileLoading || isDonationsLoading);
 [2m249[0m | 
 [2m250[0m |   return (
 [2m251[0m |     <div className="flex flex-col gap-10 pb-16">
     : [35;1m     ^^^[0m
 [2m252[0m |       {/* Header Section */}
 [2m253[0m |       <div className="flex flex-col md:flex-row md:items-end justify-between gap-6">
 [2m254[0m |         <div className="space-y-4">
     `----

Caused by:
    Syntax Error

Import trace for requested module:
./src/app/dashboard/user/page.tsx
 ⨯ ./src/app/dashboard/user/page.tsx
Error:   [31mx[0m Unexpected token `div`. Expected jsx identifier
     ,-[[36;1;4m/Users/luisdementhon/Desktop/project/src/app/dashboard/user/page.tsx[0m:251:1]
 [2m248[0m |   const isLoading = !isDemoMode && (isUserLoading || isProfileLoading || isDonationsLoading);
 [2m249[0m | 
 [2m250[0m |   return (
 [2m251[0m |     <div className="flex flex-col gap-10 pb-16">
     : [35;1m     ^^^[0m
 [2m252[0m |       {/* Header Section */}
 [2m253[0m |       <div className="flex flex-col md:flex-row md:items-end justify-between gap-6">
 [2m254[0m |         <div className="space-y-4">
     `----

Caused by:
    Syntax Error

Import trace for requested module:
./src/app/dashboard/user/page.tsx
 ⨯ ./src/app/dashboard/user/page.tsx
Error:   [31mx[0m Unexpected token `div`. Expected jsx identifier
     ,-[[36;1;4m/Users/luisdementhon/Desktop/project/src/app/dashboard/user/page.tsx[0m:251:1]
 [2m248[0m |   const isLoading = !isDemoMode && (isUserLoading || isProfileLoading || isDonationsLoading);
 [2m249[0m | 
 [2m250[0m |   return (
 [2m251[0m |     <div className="flex flex-col gap-10 pb-16">
     : [35;1m     ^^^[0m
 [2m252[0m |       {/* Header Section */}
 [2m253[0m |       <div className="flex flex-col md:flex-row md:items-end justify-between gap-6">
 [2m254[0m |         <div className="space-y-4">
     `----

Caused by:
    Syntax Error

Import trace for requested module:
./src/app/dashboard/user/page.tsx
 ✓ Compiled in 5s (1849 modules)
 ✓ Compiled in 9.9s (1849 modules)
<w> [webpack.cache.PackFileCacheStrategy] Restoring pack from /Users/luisdementhon/Desktop/project/.next/cache/webpack/server-development.pack.gz failed: TypeError: Cannot read properties of undefined (reading 'hasStartTime')
 ✓ Compiled in 3.5s (2498 modules)
 ✓ Compiled in 1475ms (2498 modules)
 ✓ Compiled in 557ms (2498 modules)
 ✓ Compiled in 1525ms (2498 modules)
 ✓ Compiled in 613ms (2498 modules)
 ✓ Compiled in 530ms (2498 modules)
 ✓ Compiled in 494ms (2498 modules)
 ✓ Compiled in 1349ms (2498 modules)
 ✓ Compiled in 2.1s (1849 modules)
 ✓ Compiled in 1312ms (1849 modules)
 ✓ Compiled in 602ms (1849 modules)
 ✓ Compiled in 554ms (2498 modules)
 ✓ Compiled in 538ms (2498 modules)
 ✓ Compiled in 8.8s (1849 modules)
 ✓ Compiled in 8.5s (1849 modules)
 ✓ Compiled in 1075ms (1849 modules)
 ✓ Compiled in 531ms (1849 modules)
 ✓ Compiled in 462ms (1849 modules)
 ✓ Compiled in 4.4s (1849 modules)
 ✓ Compiled in 347ms (1849 modules)
 ✓ Compiled in 408ms (1849 modules)
<w> [webpack.cache.PackFileCacheStrategy] Restoring pack from /Users/luisdementhon/Desktop/project/.next/cache/webpack/server-development.pack.gz failed: TypeError: Cannot read properties of undefined (reading 'hasStartTime')
 ✓ Compiled in 5.2s (2498 modules)
 ✓ Compiled in 601ms (2498 modules)
 ✓ Compiled in 2.3s (1849 modules)
 ✓ Compiled in 569ms (1849 modules)
 ✓ Compiled in 384ms (1849 modules)
 ✓ Compiled in 417ms (1849 modules)
 ✓ Compiled in 382ms (1849 modules)
 ✓ Compiled in 550ms (1849 modules)
 ✓ Compiled in 5.4s (1849 modules)
 ✓ Compiled in 1116ms (1849 modules)
 ✓ Compiled in 1649ms (1849 modules)
 ✓ Compiled in 7.7s (1849 modules)
 ✓ Compiled in 1224ms (1849 modules)
 ✓ Compiled in 16.6s (1849 modules)
 ✓ Compiled in 743ms (1849 modules)
 ✓ Compiled in 3.5s (1849 modules)
 ✓ Compiled in 533ms (1849 modules)
 ✓ Compiled in 2.3s (1849 modules)
<w> [webpack.cache.PackFileCacheStrategy] Restoring pack from /Users/luisdementhon/Desktop/project/.next/cache/webpack/server-development.pack.gz failed: TypeError: Cannot read properties of undefined (reading 'hasStartTime')
 ✓ Compiled in 5.3s (2498 modules)
 ✓ Compiled in 626ms (1849 modules)
 ✓ Compiled in 549ms (1849 modules)
 ✓ Compiled in 673ms (1849 modules)
 ✓ Compiled in 557ms (1849 modules)
 ✓ Compiled in 6s (1849 modules)
 ✓ Compiled in 1581ms (1849 modules)
 ✓ Compiled in 3.6s (1849 modules)
 ✓ Compiled in 868ms (1849 modules)
 ✓ Compiled in 2.2s (1849 modules)
[?25h
